
Welcome to Gradle 8.5!

Here are the highlights of this release:
 - Support for running on Java 21
 - Faster first use with Kotlin DSL
 - Improved error and warning messages

For more details see https://docs.gradle.org/8.5/release-notes.html

Starting a Gradle Daemon, 1 incompatible and 1 stopped Daemons could not be reused, use --status for details
> Task :compileJava UP-TO-DATE
> Task :processResources
> Task :classes
> Task :resolveMainClassName UP-TO-DATE

> Task :bootRun

  .   ____          _            __ _ _
 /\\ / ___'_ __ _ _(_)_ __  __ _ \ \ \ \
( ( )\___ | '_ | '_| | '_ \/ _` | \ \ \ \
 \\/  ___)| |_)| | | | | || (_| |  ) ) ) )
  '  |____| .__|_| |_|_| |_\__, | / / / /
 =========|_|==============|___/=/_/_/_/
 :: Spring Boot ::                (v3.2.0)

2025-10-16T17:29:01.450-06:00  INFO 20860 --- [demo] [           main] com.example.demo.DemoApplication         : Starting DemoApplication using Java 21.0.3 with PID 20860 (C:\Users\tobis\Documents\santex-onboarding\backend\build\classes\java\main started by tobis in C:\Users\tobis\Documents\santex-onboarding\backend)
2025-10-16T17:29:01.458-06:00  INFO 20860 --- [demo] [           main] com.example.demo.DemoApplication         : No active profile set, falling back to 1 default profile: "default"
2025-10-16T17:29:02.955-06:00  INFO 20860 --- [demo] [           main] o.s.b.w.embedded.tomcat.TomcatWebServer  : Tomcat initialized with port 8080 (http)
2025-10-16T17:29:02.974-06:00  INFO 20860 --- [demo] [           main] o.apache.catalina.core.StandardService   : Starting service [Tomcat]
2025-10-16T17:29:02.974-06:00  INFO 20860 --- [demo] [           main] o.apache.catalina.core.StandardEngine    : Starting Servlet engine: [Apache Tomcat/10.1.16]
2025-10-16T17:29:03.061-06:00  INFO 20860 --- [demo] [           main] o.a.c.c.C.[Tomcat].[localhost].[/]       : Initializing Spring embedded WebApplicationContext
2025-10-16T17:29:03.062-06:00  INFO 20860 --- [demo] [           main] w.s.c.ServletWebServerApplicationContext : Root WebApplicationContext: initialization completed in 1524 ms
2025-10-16T17:29:03.563-06:00  INFO 20860 --- [demo] [           main] o.s.b.w.embedded.tomcat.TomcatWebServer  : Tomcat started on port 8080 (http) with context path ''
2025-10-16T17:29:03.575-06:00  INFO 20860 --- [demo] [           main] com.example.demo.DemoApplication         : Started DemoApplication in 2.926 seconds (process running for 3.608)
2025-10-16T17:29:38.910-06:00  INFO 20860 --- [demo] [nio-8080-exec-1] o.a.c.c.C.[Tomcat].[localhost].[/]       : Initializing Spring DispatcherServlet 'dispatcherServlet'
2025-10-16T17:29:38.910-06:00  INFO 20860 --- [demo] [nio-8080-exec-1] o.s.web.servlet.DispatcherServlet        : Initializing Servlet 'dispatcherServlet'
2025-10-16T17:29:38.915-06:00  INFO 20860 --- [demo] [nio-8080-exec-1] o.s.web.servlet.DispatcherServlet        : Completed initialization in 4 ms

The message received from the daemon indicates that the daemon has disappeared.
Build request sent: Build{id=3cacf03e-c154-4122-9468-1cdc27c186f4, currentDir=C:\Users\tobis\Documents\santex-onboarding\backend}
Attempting to read last messages from the daemon log...
Daemon pid: 19468
  log file: C:\Users\tobis\.gradle\daemon\8.5\daemon-19468.out.log
----- Last  20 lines from daemon log file - daemon-19468.out.log -----
  .   ____          _            __ _ _
 /\\ / ___'_ __ _ _(_)_ __  __ _ \ \ \ \
( ( )\___ | '_ | '_| | '_ \/ _` | \ \ \ \
 \\/  ___)| |_)| | | | | || (_| |  ) ) ) )
  '  |____| .__|_| |_|_| |_\__, | / / / /
 =========|_|==============|___/=/_/_/_/
 :: Spring Boot ::                (v3.2.0)

2025-10-16T17:29:01.450-06:00  INFO 20860 --- [demo] [           main] com.example.demo.DemoApplication         : Starting DemoApplication using Java 21.0.3 with PID 20860 (C:\Users\tobis\Documents\santex-onboarding\backend\build\classes\java\main started by tobis in C:\Users\tobis\Documents\santex-onboarding\backend)
2025-10-16T17:29:01.458-06:00  INFO 20860 --- [demo] [           main] com.example.demo.DemoApplication         : No active profile set, falling back to 1 default profile: "default"
2025-10-16T17:29:02.955-06:00  INFO 20860 --- [demo] [           main] o.s.b.w.embedded.tomcat.TomcatWebServer  : Tomcat initialized with port 8080 (http)
2025-10-16T17:29:02.974-06:00  INFO 20860 --- [demo] [           main] o.apache.catalina.core.StandardService   : Starting service [Tomcat]
2025-10-16T17:29:02.974-06:00  INFO 20860 --- [demo] [           main] o.apache.catalina.core.StandardEngine    : Starting Servlet engine: [Apache Tomcat/10.1.16]
2025-10-16T17:29:03.061-06:00  INFO 20860 --- [demo] [           main] o.a.c.c.C.[Tomcat].[localhost].[/]       : Initializing Spring embedded WebApplicationContext
2025-10-16T17:29:03.062-06:00  INFO 20860 --- [demo] [           main] w.s.c.ServletWebServerApplicationContext : Root WebApplicationContext: initialization completed in 1524 ms
2025-10-16T17:29:03.563-06:00  INFO 20860 --- [demo] [           main] o.s.b.w.embedded.tomcat.TomcatWebServer  : Tomcat started on port 8080 (http) with context path ''
2025-10-16T17:29:03.575-06:00  INFO 20860 --- [demo] [           main] com.example.demo.DemoApplication         : Started DemoApplication in 2.926 seconds (process running for 3.608)
2025-10-16T17:29:38.910-06:00  INFO 20860 --- [demo] [nio-8080-exec-1] o.a.c.c.C.[Tomcat].[localhost].[/]       : Initializing Spring DispatcherServlet 'dispatcherServlet'
2025-10-16T17:29:38.910-06:00  INFO 20860 --- [demo] [nio-8080-exec-1] o.s.web.servlet.DispatcherServlet        : Initializing Servlet 'dispatcherServlet'
2025-10-16T17:29:38.915-06:00  INFO 20860 --- [demo] [nio-8080-exec-1] o.s.web.servlet.DispatcherServlet        : Completed initialization in 4 ms
----- End of the daemon log -----


FAILURE: Build failed with an exception.

* What went wrong:
Gradle build daemon disappeared unexpectedly (it may have been killed or may have crashed)

* Try:
> Run with --stacktrace option to get the stack trace.
> Run with --info or --debug option to get more log output.
> Run with --scan to get full insights.
> Get more help at https://help.gradle.org.
